http://www.bbc.com/news/entertainment_and_arts
http://www.bbc.com/realitycheck
http://www.bbc.com/sport/football/european
http://www.bbc.com/earth
http://www.bbc.com/food
http://www.bbc.com/accessibility/
http://www.bbc.com/news/science_and_environment
http://www.bbc.com/news/uk
http://www.bbc.com/news/northern_ireland
http://www.bbc.com/news/world/europe
http://www.bbc.com/news/world/australia
http://www.bbc.com/news/world
http://www.bbc.com/news/business
http://www.bbc.com/future
http://www.bbc.com/news/newsbeat
http://www.bbc.com/news/stories
http://www.bbc.com/news/world/latin_america
http://www.bbc.com/news/world/us_and_canada
http://www.bbc.com/news/world/middle_east
http://www.bbc.com/news/special_reports
http://www.bbc.com/news/have_your_say
http://www.bbc.com/news/health
http://www.bbc.com/news/wales
http://www.bbc.com/news/world_radio_and_tv
http://www.bbc.com/news/politics
http://www.bbc.com/news/business/companies
http://www.bbc.com/news/england
http://www.bbc.com/bitesize
http://www.bbc.com/travel
http://www.bbc.com/news/business/economy
http://www.bbc.com/news/world/asia
http://www.bbc.com/news/explainers
http://www.bbc.com/news/video_and_audio/headlines
http://www.bbc.com/news/the_reporters
http://www.bbc.com/sport/tennis
http://www.bbc.com/news/in_pictures
http://www.bbc.com/news/scotland
http://www.bbc.com/culture
http://www.bbc.com/capital
http://www.bbc.com/earth/story/the-making-of-me-and-you
http://www.bbc.com/sport/cricket
http://www.bbc.com/news/world/africa
http://www.bbc.com/sport/football
http://www.bbc.com/sport/cricket/womens
http://www.bbc.com/news/technology
http://www.bbc.com/sport/winter-sports
http://www.bbc.com/earth/columns/the-big-questions
http://www.bbc.com/earth/columns/attenboroughs-story-of-life
http://www.bbc.com/earth/world
http://www.bbc.com/earth/tags/life
http://www.bbc.com/earth/columns/video
http://www.bbc.com/sport/northern-ireland/gaelic-games
http://www.bbc.com/iplayer/
http://www.bbc.com/earth/
http://www.bbc.com/sport/football/welsh
http://www.bbc.com/contact/
http://www.bbc.com/sport/football/african
http://www.bbc.com/taster
http://www.bbc.com/sport/football/scores-fixtures
http://www.bbc.com/sport/cycling
http://www.bbc.com/food/
http://www.bbc.com/culture/
http://www.bbc.com/bbcnewsletter
http://www.bbc.com/sport/american-football
http://www.bbc.com/weather/
http://www.bbc.com/sport/football/teams/northern-ireland
http://www.bbc.com/education
http://www.bbc.com/sport/olympics
http://www.bbc.com/tomorrowsworld
http://www.bbc.com/sport/rugby-union
http://www.bbc.com/aboutthebbc/
http://www.bbc.com/sport/northern-ireland
http://www.bbc.com/sport/disability-sport
http://www.bbc.com/sport/swimming
http://www.bbc.com/sport/football/teams/sweden
http://www.bbc.com/future/
http://www.bbc.com/sport/football/teams
http://www.bbc.com/travel/
http://www.bbc.com/sport/horse-racing
http://www.bbc.com/sport/football/teams/poland
http://www.bbc.com/sport
http://www.bbc.com/sport/winter-olympics
http://www.bbc.com/sport/athletics
http://www.bbc.com/sport/gymnastics
http://www.bbc.com/sport/correspondents/philmcnulty
http://www.bbc.com/privacy/
http://www.bbc.com/tv/
http://www.bbc.com/makeitdigital
http://www.bbc.com/sport/snooker
http://www.bbc.com/sport/football/teams/wales/scores-fixtures
http://www.bbc.com/sport/
http://www.bbc.com/sport/golf
http://www.bbc.com/sport/darts
http://www.bbc.com/sport/football/teams/republic-of-ireland
http://www.bbc.com/local/
http://www.bbc.com/sport/football/teams/wales
http://www.bbc.com/guidance/
http://www.bbc.com/cbbc
http://www.bbc.com/iwonder
http://www.bbc.com/sport/football/teams/spain
http://www.bbc.com/sport/football/teams/belgium
http://www.bbc.com/sport/football/teams/england
http://www.bbc.com/
http://www.bbc.com/sport/football/nations-league/scores-fixtures
http://www.bbc.com/arts/
http://www.bbc.com/sport/football/world-cup
http://www.bbc.com/sport/mixed-martial-arts
http://www.bbc.com/sport/scotland
http://www.bbc.com/sport/football/teams/croatia
http://www.bbc.com/sport/football/gossip
http://www.bbc.com/sport/england
http://www.bbc.com/radio/
http://www.bbc.com/sport/football/champions-league
http://www.bbc.com/sport/formula1
http://www.bbc.com/sport/africa
http://www.bbc.com/news
http://www.bbc.com/sport/football/teams/germany
http://www.bbc.com/cbeebies
http://www.bbc.com/sport/football/teams/russia
http://www.bbc.com/sport/football/leagues-cups
http://www.bbc.com/privacy/cookies/about
http://www.bbc.com/sport/football/teams/denmark
http://www.bbc.com/sport/basketball
http://www.bbc.com/sport/rugby-league
http://www.bbc.com/sport/football/teams/iceland
http://www.bbc.com/sport/football/teams/portugal
http://www.bbc.com/sport/football/teams/france
http://www.bbc.com/sport/boxing
http://www.bbc.com/sport/football/teams/serbia
http://www.bbc.com/nature/
http://www.bbc.com/terms/
http://www.bbc.com/music/
http://www.bbc.com/sport/motorsport
http://www.bbc.com/capital/
http://www.bbc.com/sport/commonwealth-games
http://www.bbc.com/sport/football/teams/switzerland
http://www.bbc.com/sport/wales
http://www.bbc.com/privacy/cookies/international/
http://www.bbc.com/autos/
http://www.bbc.com/sport/football/teams/scotland
http://www.bbc.com/sport/all-sports
http://www.bbc.com/sport/cricket/live-scores
http://www.bbc.com/capital/generation-project
http://www.bbc.com/capital/columns/owning-your-time
http://www.bbc.com/capital/bright-sparks
http://www.bbc.com/capital/columns/affording-your-life
http://www.bbc.com/sport/cricket/results
http://www.bbc.com/sport/cricket/fixtures
http://www.bbc.com/sport/cricket/teams
http://www.bbc.com/sport/correspondents/jonathanagnew
http://www.bbc.com/sport/cricket/tables
http://www.bbc.com/sport/cricket/counties
http://www.bbc.com/sport/cricket/teams/england
http://www.bbc.com/news/topics/cx1m7zg01xyt/united-states
http://www.bbc.com/news/topics/c207p54mlvvt/georgia
http://www.bbc.com/news/topics/ck8zzzy9xzwt/stacey-abrams
http://www.bbc.com/news/business/market-data
http://www.bbc.com/news/topics/cwm11216mzyt/us-mid-terms-2018
http://www.bbc.com/news/topics/cmj34zmw77wt/brazil
http://www.bbc.com/news/topics/cg1leymm60xt/healthcare
http://www.bbc.com/news/topics/c40rjmqdqnlt/cuba
http://www.bbc.com/news/topics/cdr1vzk8ngvt/jair-bolsonaro
http://www.bbc.com/news/topics/c77jz3mdmyvt/photography
http://www.bbc.com/worldserviceradio
http://www.bbc.com/ws/languages
http://www.bbc.com/news/topics/cp7r8vgl2lgt/donald-trump
http://www.bbc.com/news/topics/cwnpxwzd269t/us-politics
http://www.bbc.com/news/topics/ckgj73ppdk5t/russia-trump-inquiry
http://www.bbc.com/news/topics/c6xq5nxyv2mt/robert-mueller
http://www.bbc.com/sport/football/european/scores-fixtures
http://www.bbc.com/sport/football/europa-league
http://www.bbc.com/sport/football/spanish-la-liga/table
http://www.bbc.com/sport/football/tables
http://www.bbc.com/sport/football/womens
http://www.bbc.com/sport/football/fa-cup
http://www.bbc.com/sport/football/transfers
http://www.bbc.com/sport/get-inspired
http://www.bbc.com/sport/football/italian-serie-a/top-scorers
http://www.bbc.com/sport/football/teams/deportivo-alaves
http://www.bbc.com/sport/football/teams/real-madrid
http://www.bbc.com/sport/football/french-ligue-one/results
http://www.bbc.com/sport/football/german-bundesliga/results
http://www.bbc.com/sport/football/teams/real-betis
http://www.bbc.com/sport/football/german-bundesliga/top-scorers
http://www.bbc.com/sport/football/teams/athletic-bilbao
http://www.bbc.com/sport/football/spanish-la-liga/fixtures
http://www.bbc.com/sport/football/teams/celta-vigo
http://www.bbc.com/sport/football/german-bundesliga/table
http://www.bbc.com/sport/football/teams/girona
http://www.bbc.com/sport/football/italian-serie-a/table
http://www.bbc.com/sport/football/french-ligue-one/table
http://www.bbc.com/sport/football/teams/rayo-vallecano
http://www.bbc.com/sport/football/german-bundesliga/fixtures
http://www.bbc.com/sport/football/spanish-la-liga/results
http://www.bbc.com/sport/football/teams/levante
http://www.bbc.com/sport/football/teams/barcelona
http://www.bbc.com/sport/football/spanish-la-liga/top-scorers
http://www.bbc.com/sport/football/teams/getafe
http://www.bbc.com/sport/football/french-ligue-one/top-scorers
http://www.bbc.com/sport/football/teams/atletico-madrid
http://www.bbc.com/sport/football/teams/real-valladolid
http://www.bbc.com/sport/football/teams/huesca
http://www.bbc.com/sport/football/teams/sevilla
http://www.bbc.com/sport/football/teams/espanyol
http://www.bbc.com/sport/football/teams/real-sociedad
http://www.bbc.com/sport/football/french-ligue-one/fixtures
http://www.bbc.com/sport/football/teams/valencia
http://www.bbc.com/sport/football/fixtures
http://www.bbc.com/sport/football/italian-serie-a/fixtures
http://www.bbc.com/sport/football/teams/villarreal
http://www.bbc.com/sport/football/teams/eibar
http://www.bbc.com/sport/football/italian-serie-a/results
http://www.bbc.com/sport/football/teams/leganes
http://www.bbc.com/news/topics/cny6mpy4mj9t/india
http://www.bbc.com/news/world/asia/india
http://www.bbc.com/news/world/asia/china
http://www.bbc.com/news/topics/c77jz3md4vdt/thailand
http://www.bbc.com/news/topics/cp7r8vglgq1t/food
http://www.bbc.com/future/tags/future-video
http://www.bbc.com/future/columns/best-of-bbc-future
http://www.bbc.com/future/now
http://www.bbc.com/news/magazine/
http://www.bbc.com/news/topics/cd0de92n2qxt/viral-posts
http://www.bbc.com/news/blogs/trending
http://www.bbc.com/news/topics/c207p54m4pdt/social-media
http://www.bbc.com/culture/sections/film
http://www.bbc.com/culture/tags/photography
http://www.bbc.com/culture/tags/books
http://www.bbc.com/culture/sections/music
http://www.bbc.com/culture/calendar
http://www.bbc.com/culture/designed
http://www.bbc.com/culture/tags/100-greatest-foreign-language-films
http://www.bbc.com/culture/sections/art
http://www.bbc.com/news/topics/cxqvep8kqext/long-reads
http://www.bbc.com/news/topics/cz31y84488rt/stephen-barclay
http://www.bbc.com/news/topics/cwlw3xz0lvvt/brexit
http://www.bbc.com/food/diets/eat_fat_be_healthy
http://www.bbc.com/food/cuisines
http://www.bbc.com/food/recipes/chicken_tikka_and_naan_30521
http://www.bbc.com/food/collections/bake_sale_ideas
http://www.bbc.com/food/programmes
http://www.bbc.com/food/diets/healthy
http://www.bbc.com/food/diets
http://www.bbc.com/food/seasons
http://www.bbc.com/food/collections/veggie_family_favourites
http://www.bbc.com/food/techniques/how_to_blind_bake_pastry
http://www.bbc.com/food/dishes
http://www.bbc.com/food/chefs/sumayya_usmani
http://www.bbc.com/food/faqs
http://www.bbc.com/food/chefs/nigel_slater
http://www.bbc.com/food/programmes/b0bp14t4
http://www.bbc.com/food/chefs/rick_stein
http://www.bbc.com/food/recipes/light_and_fruity_mince_77851
http://www.bbc.com/food/programmes/b0bs2pkd
http://www.bbc.com/food/diets/vegan
http://www.bbc.com/food/diets/gluten_free
http://www.bbc.com/food/diets/dairy_free
http://www.bbc.com/food/programmes/b0bs2cpq
http://www.bbc.com/food/programmes/b0690f0j
http://www.bbc.com/food/ingredients
http://www.bbc.com/food/my/favourites
http://www.bbc.com/food/techniques/how_to_layer_spices
http://www.bbc.com/food/diets/low-calorie_diet
http://www.bbc.com/food/techniques/folding
http://www.bbc.com/food/occasions
http://www.bbc.com/food/techniques
http://www.bbc.com/food/recipes/mulled_wine_46955
http://www.bbc.com/food/techniques/how_to_boil_eggs
http://www.bbc.com/food/recipes/pauls_kanellngd_49838
http://www.bbc.com/food/recipes/egg-fried_rice_85655
http://www.bbc.com/food/recipes/intense_chocolate_pots_39697
http://www.bbc.com/food/chefs/mary_berry
http://www.bbc.com/food/programmes/b04dvjj3
http://www.bbc.com/food/diets/vegetarian
http://www.bbc.com/food/recipes/almond_and_lemon_polenta_21317
http://www.bbc.com/food/satsuma
http://www.bbc.com/food/recipes/donals_irish_beef_stew_85494
http://www.bbc.com/food/chefs
http://www.bbc.com/food/programmes/b03xg6t9
http://www.bbc.com/news/topics/c40rjmqdlljt/children
http://www.bbc.com/news/topics/c4e8v4wwmd8t/literacy
http://www.bbc.com/news/topics/c008ql15dzdt/literature
http://www.bbc.com/sport/cricket/teams/england-women/fixtures
http://www.bbc.com/sport/cricket/teams/england-women/results
http://www.bbc.com/news/topics/cmj34zmwm0et/mark-zuckerberg
http://www.bbc.com/news/topics/cmj34zmwxjlt/facebook
http://www.bbc.com/news/topics/cg41ylwvw2qt/taiwan
http://www.bbc.com/news/topics/cd39m6424jwt/china
http://www.bbc.com/news/topics/cp7r8vglne2t/hong-kong
http://www.bbc.com/news/topics/c52ew8q50z2t/wales-business
http://www.bbc.com/news/wales/south_east_wales
http://www.bbc.com/news/wales/south_west_wales
http://www.bbc.com/news/wales/north_west_wales
http://www.bbc.com/news/wales/wales_politics
http://www.bbc.com/news/wales/north_east_wales
http://www.bbc.com/news/wales/mid_wales
http://www.bbc.com/cymrufyw
http://www.bbc.com/news/localnews/2640104-pontypridd/0
http://www.bbc.com/news/localnews
http://www.bbc.com/news/topics/cmmq89l227wt/british-airways
http://www.bbc.com/news/england/regions
http://www.bbc.com/sport/winter-sports/calendar
http://www.bbc.com/news/topics/cwlw3xz0ljmt/european-union
http://www.bbc.com/news/politics/parliaments
http://www.bbc.com/news/politics/uk_leaves_the_eu
http://www.bbc.com/news/topics/c50znx8v4z7t/theresa-may
http://www.bbc.com/news/northern_ireland/northern_ireland_politics
http://www.bbc.com/news/topics/c8nq32jw83wt/google
http://www.bbc.com/news/topics/c207p54mdq7t/republic-of-ireland
http://www.bbc.com/news/topics/cywd23g0gmvt/exams
http://www.bbc.com/news/topics/cnx753jej1xt/south-korea
http://www.bbc.com/news/topics/cmmqx9w8k5wt/students
http://www.bbc.com/news/topics/c40rjmqdl7zt/schools
http://www.bbc.com/news/topics/cvenzmgyg35t/andrea-leadsom
http://www.bbc.com/news/topics/cz4pr2gd5mzt/california
http://www.bbc.com/news/topics/cewrr8qxd9et/san-francisco
http://www.bbc.com/news/topics/cjyq4rd3x3zt/california-wildfires
http://www.bbc.com/news/business/markets/us/djse_indu
http://www.bbc.com/news/business/markets/europe/lse_ukx
http://www.bbc.com/news/business/markets/asiapacific/tsenik_tokn
http://www.bbc.com/news/business/markets/us/nasdaq_ixic
http://www.bbc.com/news/topics/c1038wnxe18t/sexual-violence
http://www.bbc.com/news/topics/cq23pdgvr5mt/new-hampshire
http://www.bbc.com/news/topics/cp7r8vgl2rgt/reality-check
http://www.bbc.com/future/tags/language
http://www.bbc.com/future/tags/disease
http://www.bbc.com/future/columns/in-depth
http://www.bbc.com/future/tags/medicine
http://www.bbc.com/future/tags/health
http://www.bbc.com/future/tags/sport
http://www.bbc.com/future/tags/climatechange
http://www.bbc.com/earth/tags/ape
http://www.bbc.com/earth/tags/weather
http://www.bbc.com/earth/tags/ancient-humans
http://www.bbc.com/future/tags/military
http://www.bbc.com/future/columns/what-if
http://www.bbc.com/future/tags/sex
http://www.bbc.com/future/tags/naturaldisaster
http://www.bbc.com/earth/columns/catastrophes
http://www.bbc.com/future/tags/comment-analysis
http://www.bbc.com/earth/columns/origins
http://www.bbc.com/earth/tags/universe
http://www.bbc.com/future/tags/news-in-context
http://www.bbc.com/future/columns/spanishflu
http://www.bbc.com/earth/tags/physics
http://www.bbc.com/future/tags/energy
http://www.bbc.com/future/columns/criminal-myths
http://www.bbc.com/future/tags/biology
http://www.bbc.com/future/columns/wise-words
http://www.bbc.com/future/tags/crime
http://www.bbc.com/future/tags/psychology
http://www.bbc.com/news/topics/ce1qrvlel7mt/women
http://www.bbc.com/news/topics/cr5pd0y91z7t/acid-attacks
http://www.bbc.com/news/topics/crr7mlg0d2wt/italy
http://www.bbc.com/news/topics/c340r11jgrzt/violence-against-women
http://www.bbc.com/bitesize/guides/zfqsgk7/video
http://www.bbc.com/bitesize/articles/zkxjnrd
http://www.bbc.com/bitesize/careers
http://www.bbc.com/bitesize/subjects
http://www.bbc.com/bitesize/my
http://www.bbc.com/bitesize/articles/z498hbk
http://www.bbc.com/bitesize/articles/z2ckrwx
http://www.bbc.com/bitesize/support
http://www.bbc.com/bitesize/learn
http://www.bbc.com/bitesize/articles/ztqbr82
http://www.bbc.com/bitesize/articles/zbxh47h
http://www.bbc.com/news/topics/cg56ennmpyjt/mohammed-bin-salman
http://www.bbc.com/news/topics/cwlw3xz0zl4t/saudi-arabia
http://www.bbc.com/news/topics/cxw7q5dkxj6t/istanbul
http://www.bbc.com/travel/columns/culture-identity
http://www.bbc.com/travel/history
http://www.bbc.com/travel/arts-architecture
http://www.bbc.com/travel/food
http://www.bbc.com/travel/africa/botswana
http://www.bbc.com/travel/south-africa
http://www.bbc.com/travel/columns/welcome-to-our-house
http://www.bbc.com/travel/columns/culinary-roots
http://www.bbc.com/news/topics/czjmg5rvl57t/jamal-khashoggi-death
http://www.bbc.com/travel/europe/spain
http://www.bbc.com/travel/north-america/mexico/yucatan
http://www.bbc.com/travel/art
http://www.bbc.com/travel/destinations
http://www.bbc.com/travel/europe/switzerland
http://www.bbc.com/travel/europe/italy/venice
http://www.bbc.com/travel/fashion
http://www.bbc.com/travel/dance
http://www.bbc.com/travel/cultural-traditions
http://www.bbc.com/travel/columns/places-that-changed-the-world
http://www.bbc.com/travel/columns/travel-journeys
http://www.bbc.com/travel/asia/taiwan
http://www.bbc.com/travel/columns/to-the-ends-of-the-earth
http://www.bbc.com/travel/europe/france
http://www.bbc.com/travel/language
http://www.bbc.com/travel/columns/adventure-experience
http://www.bbc.com/travel/animal
http://www.bbc.com/travel/columns/the-worlds-rarest
http://www.bbc.com/travel/columns/custom-made
http://www.bbc.com/travel/columns/food-hospitality
http://www.bbc.com/travel/columns/the-customs-that-bind-us
http://www.bbc.com/news/topics/c0n6441nlz8t/white-house
http://www.bbc.com/news/topics/cq23pdgvr3yt/mike-pence
http://www.bbc.com/news/topics/ce1qrvlegnyt/russia
http://www.bbc.com/sport/correspondents/russellfuller
http://www.bbc.com/sport/tennis/results
http://www.bbc.com/sport/tennis/order-of-play
http://www.bbc.com/sport/tennis/calendar
http://www.bbc.com/sport/tennis/live-scores
http://www.bbc.com/schoolreport
http://www.bbc.com/naidheachdan
http://www.bbc.com/news/disability
http://www.bbc.com/news/business/your_money
http://www.bbc.com/news/education
http://www.bbc.com/news/topics/cq23pdgvrqwt/mali
http://www.bbc.com/news/topics/cp7r8vglg45t/us-armed-forces
http://www.bbc.com/capital/tags/education
http://www.bbc.com/capital/tags/student
http://www.bbc.com/news/topics/c302m85qenyt/france
http://www.bbc.com/sport/cricket/teams/england/results
http://www.bbc.com/sport/cricket/teams/england/fixtures
http://www.bbc.com/sport/cricket/video
http://www.bbc.com/news/topics/cl86xeee248t/judaism
http://www.bbc.com/news/topics/c34vxewp0ykt/the-holocaust
http://www.bbc.com/news/topics/cz5jl9e9091t/world-war-two
http://www.bbc.com/news/topics/cyg1kew2kn4t/nazism
http://www.bbc.com/news/topics/c8nq32jwj8mt/cambodia
http://www.bbc.com/ideas/playlists/edible-histories
http://www.bbc.com/ideas/playlists
http://www.bbc.com/ideas/faqs
http://www.bbc.com/news/scotland/scotland_politics
http://www.bbc.com/news/scotland/glasgow_and_west
http://www.bbc.com/news/scotland/south_scotland
http://www.bbc.com/news/scotland/tayside_and_central
http://www.bbc.com/news/scotland/highlands_and_islands
http://www.bbc.com/news/scotland/edinburgh_east_and_fife
http://www.bbc.com/news/scotland/north_east_orkney_and_shetland
http://www.bbc.com/news/topics/cywd23g0q41t/canada
http://www.bbc.com/news/topics/cx2pw2zpkr5t/legality-of-cannabis
http://www.bbc.com/news/scotland/scotland_business
http://www.bbc.com/culture/tags/the-100-greatest-comedies
http://www.bbc.com/culture/columns/colours
http://www.bbc.com/culture/columns/through-the-lens
http://www.bbc.com/culture/tags/art-history
http://www.bbc.com/culture/tags/film-reviews
http://www.bbc.com/culture/tags/television
http://www.bbc.com/culture/calendar?type=music
http://www.bbc.com/culture/tags/popular-culture
http://www.bbc.com/culture/calendar?type=film
http://www.bbc.com/culture/calendar?type=art
http://www.bbc.com/culture/tags/art
http://www.bbc.com/travel/europe
http://www.bbc.com/capital/tags/real-estate
http://www.bbc.com/capital/tags/employment
http://www.bbc.com/capital/tags/ageing
http://www.bbc.com/capital/tags/expats
http://www.bbc.com/capital/tags/wealth
http://www.bbc.com/capital/tags/parenting
http://www.bbc.com/capital/tags/job-search
http://www.bbc.com/capital/tags/personal-finance
http://www.bbc.com/capital/columns/the-economics-of-change
http://www.bbc.com/capital/tags/baby-boomers
http://www.bbc.com/capital/tags/millennial
http://www.bbc.com/capital/columns/the-future-of-work
http://www.bbc.com/capital/tags/economics
http://www.bbc.com/capital/tags/careers
http://www.bbc.com/capital/tags/spending
http://www.bbc.com/capital/tags/the-next-jobs-in-stem
http://www.bbc.com/capital/tags/generation-x
http://www.bbc.com/capital/tags/saving
http://www.bbc.com/news/topics/cjnwl8q4gjnt/art
http://www.bbc.com/news/topics/cpzpydkymr4t/petrol
http://www.bbc.com/news/topics/cjnwl8q4nv3t/emmanuel-macron
http://www.bbc.com/travel/north-america/mexico
http://www.bbc.com/news/topics/c2rndjjldzyt/hinduism
http://www.bbc.com/food/techniques/creaming
http://www.bbc.com/food/recipes/veggie_bean_burgers_for_53280
http://www.bbc.com/food/recipes/roast_squash_salad_78271
http://www.bbc.com/food/cuisines/mexican
http://www.bbc.com/news/topics/c008ql151m5t/policing
http://www.bbc.com/food/parsnip
http://www.bbc.com/news/topics/cjnwl8q4ny3t/religion
http://www.bbc.com/food/techniques/how_to_make_a_tarka
http://www.bbc.com/food/recipes/mapleroastparsnips_84758
http://www.bbc.com/food/recipes/lebanese_rice_pudding_16994
http://www.bbc.com/food/recipes/golden_egg_curry_00708
http://www.bbc.com/food/recipes/honey_roast_parsnips_80898
http://www.bbc.com/food/chefs/nadiya
http://www.bbc.com/news/topics/cjnwl8q4gxwt/womens-rights
http://www.bbc.com/food/techniques/ice_cake_royal_icing
http://www.bbc.com/food/recipes/parsnip_sweet_potato_and_66305
http://www.bbc.com/food/recipes/beef_stroganoff_16029
http://www.bbc.com/news/topics/cj5ppqwdzndt/kingston
http://www.bbc.com/news/topics/c50znx8v848t/jamaica
http://www.bbc.com/news/topics/c1038wnxny7t/austria
http://www.bbc.com/news/topics/cny66qy2ep2t/vienna
http://www.bbc.com/news/topics/c302m85q157t/physics
http://www.bbc.com/news/topics/c1038wnxen8t/uruguay
http://www.bbc.com/news/topics/cl698xpx0kpt/expert-network
http://www.bbc.com/news/topics/cy2xn5zrnyrt/turtles
http://www.bbc.com/news/topics/cvenzmgylxwt/malaria
http://www.bbc.com/food/recipes/potatoes_in_their_skins_48795
http://www.bbc.com/food/recipes/rich_beef_and_mushroom_62012
http://www.bbc.com/food/recipes/greens_with_giant_28962
http://www.bbc.com/food/kale
http://www.bbc.com/food/recipes/kale_pea_and_ricotta_41792
http://www.bbc.com/news/topics/ce1qrvleggxt/agriculture
http://www.bbc.com/news/topics/cmj34zmwm1zt/climate-change
http://www.bbc.com/news/topics/cl866rrqjz4t/dogs
http://www.bbc.com/capital/tags/food
http://www.bbc.com/news/topics/c4n0yrk24mlt/birthday-honours
http://www.bbc.com/news/topics/cwypr24ny91t/tom-hardy
http://www.bbc.com/news/topics/cp7r8vgl7zyt/prince-of-wales
http://www.bbc.com/food/recipes/thymebutteredcabbage_90385
http://www.bbc.com/food/recipes/kids_minestrone_soup_40496
http://www.bbc.com/food/cabbage
http://www.bbc.com/sport/cricket/scorecard/ECKO43492
http://www.bbc.com/food/recipes/bubble_and_squeak_and_38318
http://www.bbc.com/food/recipes/colcannon_13802
http://www.bbc.com/news/topics/cqmygvz750dt/apec
http://www.bbc.com/news/topics/ce25yderw6pt/trade-war
http://www.bbc.com/news/topics/c207p54mdg7t/xi-jinping
http://www.bbc.com/food/recipes/tempura_scallops_and_24441
http://www.bbc.com/food/recipes/scallops_with_bacon_03338
http://www.bbc.com/food/recipes/blackbeansteamedscal_89273
http://www.bbc.com/food/recipes/scallops_beurre_blanc_80266
http://www.bbc.com/food/scallop
http://www.bbc.com/news/topics/c50znx8v81dt/cia
http://www.bbc.com/news/topics/c207p54mdq3t/turkey
http://www.bbc.com/news/topics/c77jz3mdm3rt/argentina
http://www.bbc.com/news/topics/clep2dp7mvkt/argentina-missing-submarine
http://www.bbc.com/programmes/w172w722sn17ty6
http://www.bbc.com/sport/darts/
http://www.bbc.com/food/recipes/pembrokeshire_seafood_29704
http://www.bbc.com/food/mussel
http://www.bbc.com/food/recipes/beachside_paella_41859
http://www.bbc.com/food/recipes/mussels_with_bayonne_ham_91522
http://www.bbc.com/food/recipes/mussels_rockefeller_21768
http://www.bbc.com/programmes/w172w722sn17ypb
http://www.bbc.com/news/topics/czv6rjvdy9gt/australia
http://www.bbc.com/news/topics/cl866ry97n2t/melbourne
http://www.bbc.com/sport/darts/calendar
http://www.bbc.com/sport/correspondents/danroan
http://www.bbc.com/sport/darts/results
http://www.bbc.com/news/england/derbyshire
http://www.bbc.com/news/localnews/2651320-derwent/0
http://www.bbc.com/food/recipes/chocolate_and_chestnut_69367
http://www.bbc.com/food/recipes/radicchio_walnut_and_89453
http://www.bbc.com/food/recipes/christmasapricotandc_73428
http://www.bbc.com/food/recipes/nut_roast_38249
http://www.bbc.com/food/chestnut
http://www.bbc.com/sport/football/africa-cup-of-nations/scores-fixtures
http://www.bbc.com/sport/football/africa-cup-of-nations/table
http://www.bbc.com/food/recipes/loin_of_venison_in_a_52978
http://www.bbc.com/food/recipes/sloeginfizz_88826
http://www.bbc.com/food/recipes/sloegin_7722
http://www.bbc.com/food/sloe
http://www.bbc.com/food/recipes/sloeginandblackberry_89779
http://www.bbc.com/sport/rugby-union/live-scores
http://www.bbc.com/sport/rugby-union/english
http://www.bbc.com/sport/rugby-union/tables
http://www.bbc.com/sport/rugby-union/scottish
http://www.bbc.com/sport/rugby-union/welsh
http://www.bbc.com/sport/rugby-union/irish
http://www.bbc.com/sport/rugby-union/teams
http://www.bbc.com/sport/rugby-union/results
http://www.bbc.com/sport/rugby-union/fixtures
http://www.bbc.com/weather
http://www.bbc.com/sport/cricket/teams/derbyshire
http://www.bbc.com/sport/football/teams/chesterfield
http://www.bbc.com/sounds/play/live:bbc_radio_derby
http://www.bbc.com/sport/0/football/
http://www.bbc.com/radioderby
http://www.bbc.com/sport/0/cricket/
http://www.bbc.com/sport/football/teams/burton-albion
http://www.bbc.com/sport/football/teams/derby-county
http://www.bbc.com/programmes/w172w4hzgf6y7nh
http://www.bbc.com/news/england/south_yorkshire
http://www.bbc.com/news/england/london
http://www.bbc.com/news/topics/c77jz3mdqv1t/denmark
http://www.bbc.com/news/localnews/6545250-lambeth/0
http://www.bbc.com/news/localnews/2634341-city%20of%20westminster/0
http://www.bbc.com/news/localnews/2643743-london/0
http://www.bbc.com/news/localnews/2637299-southwark/0
http://www.bbc.com/news/localnews/2651123-doncaster/0
http://www.bbc.com/news/topics/cg41ylwvgjyt/film
http://www.bbc.com/news/topics/c7ry2d349kyt/idris-elba
http://www.bbc.com/sport/cricket/teams/yorkshire
http://www.bbc.com/sport/football/teams/rotherham-united
http://www.bbc.com/sounds/play/live:bbc_radio_sheffield
http://www.bbc.com/sport/football/teams/barnsley
http://www.bbc.com/radiosheffield
http://www.bbc.com/sport/football/teams/doncaster-rovers
http://www.bbc.com/sport/football/teams/sheffield-united
http://www.bbc.com/sport/football/teams/sheffield-wednesday
http://www.bbc.com/food/programmes/b03bhv5b
http://www.bbc.com/food/recipes/mushroom_wild_rice_salad_47495
http://www.bbc.com/food/pomegranate
http://www.bbc.com/food/recipes/vanilla_and_yogurt_panna_76284
http://www.bbc.com/food/recipes/fresh_fruit_salad_61942
http://www.bbc.com/news/topics/c50znx8v0wvt/papua-new-guinea
http://www.bbc.com/sport/football/teams/brentford
http://www.bbc.com/sport/football/teams/fulham
http://www.bbc.com/sport/0/rugby-union/
http://www.bbc.com/sport/football/teams/afc-wimbledon
http://www.bbc.com/sport/football/teams/west-ham-united
http://www.bbc.com/sport/football/teams/chelsea
http://www.bbc.com/sport/rugby-union/teams/harlequins
http://www.bbc.com/sport/football/teams/tottenham-hotspur
http://www.bbc.com/sport/football/teams/charlton-athletic
http://www.bbc.com/sounds/play/live:bbc_london
http://www.bbc.com/sport/football/teams/dagenham-and-redbridge
http://www.bbc.com/sport/cricket/teams/surrey
http://www.bbc.com/sport/football/teams/watford
http://www.bbc.com/sport/0/rugby-league/
http://www.bbc.com/sport/rugby-league/teams/london-broncos
http://www.bbc.com/sport/football/teams/leyton-orient
http://www.bbc.com/sport/football/teams/crystal-palace
http://www.bbc.com/sport/football/teams/arsenal
http://www.bbc.com/sport/football/teams/queens-park-rangers
http://www.bbc.com/bbclondon
http://www.bbc.com/sport/football/teams/bromley
http://www.bbc.com/sport/rugby-union/teams/saracens
http://www.bbc.com/sport/football/teams/millwall
http://www.bbc.com/sport/football/teams/barnet
http://www.bbc.com/sport/cricket/teams/middlesex
http://www.bbc.com/news/topics/c23ny02v4k9t/unemployment
http://www.bbc.com/food/recipes/tarragon_crusted_sea_93411
http://www.bbc.com/food/sea_bass
http://www.bbc.com/food/recipes/whole_sea_bass_baked_on_19811
http://www.bbc.com/food/programmes/b037xy45
http://www.bbc.com/food/recipes/butterfield_grilled_bass_01988
http://www.bbc.com/food/recipes/chargrilled_seabass_62243
http://www.bbc.com/news/topics/c86lem0v6e8t/bbc
http://www.bbc.com/news/topics/c207p54mlzpt/media
http://www.bbc.com/sport/cricket/scorecard/ECKO43881
http://www.bbc.com/news/topics/cz4pr2gd5rlt/switzerland
http://www.bbc.com/news/topics/c2gzedevdvkt/alps
http://www.bbc.com/news/topics/cn1rn5m78egt/life
http://www.bbc.com/news/topics/cm8m1l17ev3t/instagram
http://www.bbc.com/news/topics/cnegp3m2989t/justin-bieber
http://www.bbc.com/news/topics/cx1m7zg05q3t/fashion
http://www.bbc.com/news/topics/cz4pr2gd872t/music
http://www.bbc.com/news/topics/c50znx8v132t/nigeria
http://www.bbc.com/sport/tennis/
http://www.bbc.com/sport/tennis/video
http://www.bbc.com/news/topics/cewrdwy69g4t/prague
http://www.bbc.com/news/topics/cvenzmgyg1lt/czech-republic