http://www.nytimes.com/video
http://www.nytimes.com/section/us
http://www.nytimes.com/pages/opinion/index.html
http://www.nytimes.com/section/theater
http://www.nytimes.com/section/world
http://www.nytimes.com/hdleftnav
http://www.nytimes.com/section/obituaries
http://www.nytimes.com/pages/health/index.html
http://www.nytimes.com/section/arts/music
http://www.nytimes.com/section/politics
http://www.nytimes.com/section/health
http://www.nytimes.com/privacy
http://www.nytimes.com/section/realestate
http://www.nytimes.com/subscription/games/lp897H9.html
http://www.nytimes.com/section/corrections
http://www.nytimes.com/section/arts/design
http://www.nytimes.com/pages/sports/index.html
http://www.nytimes.com/section/upshot
http://www.nytimes.com/membercenter/sitehelp.html
http://www.nytimes.com/ref/membercenter/help/agree.html
http://www.nytimes.com/section/business
http://www.nytimes.com/section/opinion/letters
http://www.nytimes.com/pages/technology/index.html
http://www.nytimes.com/es/
http://www.nytimes.com/crosswords/game/mini
http://www.nytimes.com/section/automobiles
http://www.nytimes.com/video/opinion
http://www.nytimes.com/watching
http://www.nytimes.com/section/lens
http://www.nytimes.com/pages/politics/index.html
http://www.nytimes.com/crosswords
http://www.nytimes.com/pages/magazine/index.html
http://www.nytimes.com/section/nyregion
http://www.nytimes.com/section/opinion/editorials
http://www.nytimes.com/pages/arts/index.html
http://www.nytimes.com/section/todayspaper
http://www.nytimes.com/section/opinion
http://www.nytimes.com/services/mobile/index.html
http://www.nytimes.com/section/climate
http://www.nytimes.com/video/arts
http://www.nytimes.com/section/arts/television
http://www.nytimes.com/section/opinion/contributors
http://www.nytimes.com/store
http://www.nytimes.com/section/opinion/columnists
http://www.nytimes.com/section/fashion/weddings
http://www.nytimes.com/pages/world/index.html
http://www.nytimes.com/section/learning
http://www.nytimes.com/pages/national/index.html
http://www.nytimes.com/section/education
http://www.nytimes.com/section/movies
http://www.nytimes.com/marketing/tools-and-services
http://www.nytimes.com/section/t-magazine
http://www.nytimes.com/section/multimedia
http://www.nytimes.com/subscription/multiproduct/lp8HYKU?campaignId=37WXW
http://www.nytimes.com/section/travel
http://www.nytimes.com/section/sports
http://www.nytimes.com/content/help/rights/sale/terms-of-sale.html
http://www.nytimes.com/section/magazine
http://www.nytimes.com/section/arts/dance
http://www.nytimes.com/section/technology
http://www.nytimes.com/section/science
http://www.nytimes.com/pages/dining/index.html
http://www.nytimes.com/section/food
http://www.nytimes.com/section/reader-center
http://www.nytimes.com/section/style
http://www.nytimes.com/section/jobs
http://www.nytimes.com/events
http://www.nytimes.com/digitalleftnav
http://www.nytimes.com/pages/nyregion/index.html
http://www.nytimes.com/subscriptions/Multiproduct/lp8R3WU.html
http://www.nytimes.com/corporateleftnav
http://www.nytimes.com/section/books
http://www.nytimes.com/educationleftnav
http://www.nytimes.com/section/opinion/sunday
http://www.nytimes.com/section/arts
http://www.nytimes.com/marketing/newsletters
http://www.nytimes.com/content/help/rights/copyright/copyright-notice.html
http://www.nytimes.com/times-journeys
http://www.nytimes.com/pages/business/index.html
http://www.nytimes.com/column/wordplay
http://www.nytimes.com/crosswords/game/kenken
http://www.nytimes.com/crosswords/apps
http://www.nytimes.com/content/help/games/crosswords/crosswords.html
http://www.nytimes.com/content/help/rights/terms/terms-of-service.html
http://www.nytimes.com/crosswords/stats
http://www.nytimes.com/guides/crosswords/how-to-solve-a-crossword-puzzle
http://www.nytimes.com/crosswords/tips-and-tricks
http://www.nytimes.com/crosswords/game/sudoku
http://www.nytimes.com/subscription/games/lp3HLK7.html
http://www.nytimes.com/crosswords/game/set
http://www.nytimes.com/crosswords/submissions
http://www.nytimes.com/crosswords/archive
http://www.nytimes.com/video/real-estate/
http://www.nytimes.com/video/science/
http://www.nytimes.com/video/investigations/
http://www.nytimes.com/video/latest-video/
http://www.nytimes.com/video/travel/
http://www.nytimes.com/video/business/
http://www.nytimes.com/video/opinion/
http://www.nytimes.com/video/conception/
http://www.nytimes.com/video/magazine/
http://www.nytimes.com/video/health/
http://www.nytimes.com/video/sports/
http://www.nytimes.com/video/obits/
http://www.nytimes.com/video/on-the-ground/
http://www.nytimes.com/video/t-magazine/
http://www.nytimes.com/video/u-s/
http://www.nytimes.com/video/op-docs/
http://www.nytimes.com/video/style/
http://www.nytimes.com/video/technology/
http://www.nytimes.com/video/the-daily-360/
http://www.nytimes.com/video/times-documentaries/
http://www.nytimes.com/video/dining-and-wine/
http://www.nytimes.com/video/world/
http://www.nytimes.com/video/arts/
http://www.nytimes.com/video/n-y-region/
http://www.nytimes.com/events/
http://www.nytimes.com/marketing/tools-and-services/
http://www.nytimes.com/section/books/review
http://www.nytimes.com/membercenter
http://www.nytimes.com/best-sellers-books/overview.html
http://www.nytimes.com/pages/todayspaper/index.html
http://www.nytimes.com/spotlight/now-read-this
http://www.nytimes.com/column/by-the-book
http://www.nytimes.com/section/fashion
http://www.nytimes.com/books/best-sellers/
http://www.nytimes.com/subscriptions/Multiproduct/lp5558.html?campaignId=37WXW
http://www.nytimes.com/ref/classifieds/
http://www.nytimes.com/by/jennifer-szalai
http://www.nytimes.com/column/book-review-podcast
http://www.nytimes.com/membercenter/faq/books.html?ref=review
http://www.nytimes.com/
http://www.nytimes.com/seeallnav
http://www.nytimes.com/giftleftnav
http://www.nytimes.com/spotlight/metropolitan
http://www.nytimes.com/by/parul-sehgal
http://www.nytimes.com/column/crime
http://www.nytimes.com/by/dwight-garner
http://www.nytimes.com/ref/membercenter/help/infoservdirectory.html
http://www.nytimes.com/column/books-of-the-times
http://www.nytimes.com/column/childrens-books
http://www.nytimes.com/column/bookends
http://www.nytimes.com/times-journeys/?utm_source=nytimes&utm_medium=HPLink&utm_content=hp_browsetree&utm_campaign=NYT-HP
http://www.nytimes.com/spotlight/arts-listings
http://www.nytimes.com/interactive/2018/arts/nyc-arts-calendar.html
http://www.nytimes.com/interactive/opinion/editorialboard.html
http://www.nytimes.com/column/red-century
http://www.nytimes.com/column/michelle-goldberg
http://www.nytimes.com/column/sporting
http://www.nytimes.com/column/gail-collins
http://www.nytimes.com/column/disability
http://www.nytimes.com/column/roger-cohen
http://www.nytimes.com/column/on-campus
http://www.nytimes.com/content/help/site/editorial/op-video/video.html?ref=opinion
http://www.nytimes.com/column/the-stone
http://www.nytimes.com/section/opinion/politics
http://www.nytimes.com/section/opinion/environment
http://www.nytimes.com/column/michelle-alexander
http://www.nytimes.com/section/opinion/gender-and-society
http://www.nytimes.com/column/thomas-l-friedman
http://www.nytimes.com/column/david-leonhardt
http://www.nytimes.com/section/opinion/health
http://www.nytimes.com/section/opinion/business-economics
http://www.nytimes.com/column/ross-douthat
http://www.nytimes.com/column/maureen-dowd
http://www.nytimes.com/section/opinion/technology
http://www.nytimes.com/column/charles-m-blow
http://www.nytimes.com/content/help/site/editorial/letters/letters.html
http://www.nytimes.com/ref/membercenter/help/opedsubmit.html
http://www.nytimes.com/section/opinion/international-world
http://www.nytimes.com/column/paul-krugman
http://www.nytimes.com/column/vietnam-67
http://www.nytimes.com/interactive/2018/opinion/editorialboard.html
http://www.nytimes.com/column/fixes
http://www.nytimes.com/column/frank-bruni
http://www.nytimes.com/column/nicholas-kristof
http://www.nytimes.com/column/david-brooks
http://www.nytimes.com/section/opinion/culture
http://www.nytimes.com/column/bret-stephens
http://www.nytimes.com/reviews/theater/critics-pick
http://www.nytimes.com/reviews/theater/recently-opened
http://www.nytimes.com/reviews/theater/family-friendly
http://www.nytimes.com/reviews/theater
http://www.nytimes.com/section/world/europe
http://www.nytimes.com/section/world/australia
http://www.nytimes.com/section/world/americas
http://www.nytimes.com/spotlight/china-reach
http://www.nytimes.com/spotlight/dispatches-international
http://www.nytimes.com/section/world/middleeast
http://www.nytimes.com/section/world/asia
http://www.nytimes.com/section/world/africa
http://www.nytimes.com/by/jonah-engel-bromwich
http://www.nytimes.com/by/michelle-goldberg
http://www.nytimes.com/by/amanda-hess
http://www.nytimes.com/spotlight/overlooked
http://www.nytimes.com/by/michael-gold
http://www.nytimes.com/spotlight/classical-music-reviews
http://www.nytimes.com/column/popcast-pop-music-podcast
http://www.nytimes.com/video/politics
http://www.nytimes.com/section/health/policy
http://www.nytimes.com/column/the-new-old-age
http://www.nytimes.com/section/well/
http://www.nytimes.com/column/global-health
http://www.nytimes.com/subscriptions/Multiproduct/lp5558.html?campaignId=3K6X3
http://www.nytimes.com/spotlight/wedding-announcements
http://www.nytimes.com/column/field-notes
http://www.nytimes.com/column/vows
http://www.nytimes.com/column/mini-vows
http://www.nytimes.com/style/weddings/announcements
http://www.nytimes.com/real-estate/mortgage-calculator
http://www.nytimes.com/real-estate/find-a-home
http://www.nytimes.com/column/ask-real-estate
http://www.nytimes.com/section/realestate/commercial
http://www.nytimes.com/real-estate/my-real-estate
http://www.nytimes.com/column/living-in
http://www.nytimes.com/real-estate/the-high-end
http://www.nytimes.com/interactive/2016/learning/learning-picture-redirect.html
http://www.nytimes.com/interactive/2016/learning/learning-current-event-lesson-plans.html
http://www.nytimes.com/spotlight/learning-activities-for-students
http://www.nytimes.com/interactive/2016/learning/learning-science-math-lesson-plans.html
http://www.nytimes.com/interactive/2018/realestate/real-estate-decorating-guide.html
http://www.nytimes.com/interactive/2016/learning/learning-social-studies-lesson-plans.html
http://www.nytimes.com/section/learning/lesson-plans
http://www.nytimes.com/interactive/2016/learning/learning-student-opinion.html
http://www.nytimes.com/interactive/2016/learning/learning-quizzes-redirect.html
http://www.nytimes.com/interactive/2016/learning/learning-ell-arts-lesson-plans.html
http://www.nytimes.com/interactive/2016/learning/learning-article-of-the-day-redirect.html
http://www.nytimes.com/interactive/2016/learning/learning-contests-redirect.html
http://www.nytimes.com/spotlight/learning-lesson-plans
http://www.nytimes.com/interactive/2016/learning/learning-english-language-arts.html
http://www.nytimes.com/by/audra-d-s-burch
http://www.nytimes.com/crosswords/index.html
http://www.nytimes.com/section/education/learning
http://www.nytimes.com/by/maya-salam
http://www.nytimes.com/video/movies-trailers-and-clips
http://www.nytimes.com/reviews/movies/critics-picks
http://www.nytimes.com/reviews/movies
http://www.nytimes.com/news-event/awards-season
http://www.nytimes.com/by/david-brooks
http://www.nytimes.com/section/t-magazine/art
http://www.nytimes.com/section/t-magazine/fashion
http://www.nytimes.com/section/t-magazine/design
http://www.nytimes.com/section/t-magazine/food
http://www.nytimes.com/section/t-magazine/entertainment
http://www.nytimes.com/interactive/t-magazine/past-issues.html
http://www.nytimes.com/section/t-magazine/travel
http://www.nytimes.com/video/t-magazine
http://www.nytimes.com/pages/multimedia/index.html
http://www.nytimes.com/subscriptions/Multiproduct/lp3L3W6.html
http://www.nytimes.com/subscriptions/Multiproduct/lp8FW9H.html
http://www.nytimes.com/column/the-52-places-traveler
http://www.nytimes.com/column/frugal-traveler
http://www.nytimes.com/column/36-hours
http://www.nytimes.com/series/surfacing-subculture-communities
http://www.nytimes.com/column/the-getaway
http://www.nytimes.com/spotlight/travel-tips
http://www.nytimes.com/subscription/edu/lp8LQFS.html
http://www.nytimes.com/subscription/multiproduct/lp8HYKU.html?campaignId=6JUHR
http://www.nytimes.com/content/help/search/archives/archives.html
http://www.nytimes.com/subscription/edu/lp8LQFE.html
http://www.nytimes.com/subscription/multiproduct/lp8HYKU.html?campaignId=6YXL8
http://www.nytimes.com/subscription/hd/361.html?campaignId=6WFJF
http://www.nytimes.com/subscriptions/edu/lp3LWLW.html?campaignId=3LF9Q
http://www.nytimes.com/subscription/multiproduct/lp8HYKU.html
http://www.nytimes.com/section/sports/golf
http://www.nytimes.com/section/sports/football
http://www.nytimes.com/section/sports/ncaabasketball
http://www.nytimes.com/section/sports/baseball
http://www.nytimes.com/section/sports/hockey
http://www.nytimes.com/section/sports/soccer
http://www.nytimes.com/timeswire/
http://www.nytimes.com/pages/automobiles/index.html
http://www.nytimes.com/most-popular
http://www.nytimes.com/pages/science/index.html
http://www.nytimes.com/saved/
http://www.nytimes.com/mostpopular
http://www.nytimes.com/pages/jobs/index.html
http://www.nytimes.com/pages/style/index.html
http://www.nytimes.com/section/sports/basketball
http://www.nytimes.com/section/sports/ncaafootball
http://www.nytimes.com/rss
http://www.nytimes.com/marketing/newsletters/
http://www.nytimes.com/pages/realestate/index.html
http://www.nytimes.com/services/mobile/
http://www.nytimes.com/pages/travel/index.html
http://www.nytimes.com/recommendations/
http://www.nytimes.com/section/sports/tennis
http://www.nytimes.com/search/
http://www.nytimes.com/subscription/multiproduct/lp8HYKU.html?campaignId=37WXW
http://www.nytimes.com/pages/business/media/index.html
http://www.nytimes.com/newsletters/evening-briefing
http://www.nytimes.com/newsletters/louder
http://www.nytimes.com/newsletters/sports
http://www.nytimes.com/newsletters/canada-letter
http://www.nytimes.com/newsletters/top-stories-alerts
http://www.nytimes.com/newsletters/realestate
http://www.nytimes.com/newsletters/race-related
http://www.nytimes.com/newsletters/the-edit
http://www.nytimes.com/newsletters/science-times
http://www.nytimes.com/newsletters/dealbook
http://www.nytimes.com/newsletters/breakingnewsalerts
http://www.nytimes.com/newsletters/sunday-best
http://www.nytimes.com/newsletters/frank-bruni
http://www.nytimes.com/newsletters/morning-briefing
http://www.nytimes.com/newsletters/california-today
http://www.nytimes.com/newsletters/morning-briefing-australia
http://www.nytimes.com/newsletters/thelearningnetwork
http://www.nytimes.com/newsletters/traveldeals
http://www.nytimes.com/newsletters/personaltech
http://www.nytimes.com/newsletters/climate-change
http://www.nytimes.com/newsletters/gender-letter
http://www.nytimes.com/newsletters/open-thread-fashion
http://www.nytimes.com/newsletters/nicholas-kristof
http://www.nytimes.com/newsletters/wheels
http://www.nytimes.com/newsletters/watching
http://www.nytimes.com/newsletters/bigcitybookclub
http://www.nytimes.com/newsletters/opdocs
http://www.nytimes.com/newsletters/magazine
http://www.nytimes.com/newsletters/morning-briefing-asia
http://www.nytimes.com/newsletters/morning-briefing-europe
http://www.nytimes.com/newsletters/times-talks
http://www.nytimes.com/newsletters/marc-stein
http://www.nytimes.com/newsletters/sophisticatedshopper
http://www.nytimes.com/newsletters/el-times
http://www.nytimes.com/newsletters/greatgetaways
http://www.nytimes.com/newsletters/updates-and-special-offers
http://www.nytimes.com/newsletters/ticketwatch
http://www.nytimes.com/newsletters/times-journeys
http://www.nytimes.com/newsletters/books-review
http://www.nytimes.com/newsletters/times-store
http://www.nytimes.com/newsletters/upshot
http://www.nytimes.com/newsletters/cooking
http://www.nytimes.com/newsletters/opiniontoday
http://www.nytimes.com/newsletters/smarter-living
http://www.nytimes.com/newsletters/traveldispatch
http://www.nytimes.com/newsletters/running
http://www.nytimes.com/newsletters/your-weekly-edition
http://www.nytimes.com/newsletters/the-interpreter
http://www.nytimes.com/newsletters/well
http://www.nytimes.com/newsletters/at-war
http://www.nytimes.com/newsletters/politics
http://www.nytimes.com/newsletters/of-the-moment
http://www.nytimes.com/newsletters/election-results
http://www.nytimes.com/newsletters/with-interest
http://www.nytimes.com/newsletters/newyorktoday
http://www.nytimes.com/newsletters/bits
http://www.nytimes.com/newsletters/five-weeknight-dishes
http://www.nytimes.com/newsletters/moviesupdate
http://www.nytimes.com/newsletters/theater-update
http://www.nytimes.com/newsletters/good-news
http://www.nytimes.com/newsletters/well-family
http://www.nytimes.com/newsletters/australia-letter
http://www.nytimes.com/newsletters/todaysheadlines
http://www.nytimes.com/newsletters/yourmoney
http://www.nytimes.com/pages/world/asia/index.html
http://www.nytimes.com/section/business/media
http://www.nytimes.com/column/speakingindance
http://www.nytimes.com/section/your-money
http://www.nytimes.com/section/business/economy
http://www.nytimes.com/section/business/dealbook
http://www.nytimes.com/spotlight/editors-picks-business
http://www.nytimes.com/section/business/smallbusiness
http://www.nytimes.com/pages/business/dealbook/index.html
http://www.nytimes.com/section/business/energy-environment
http://www.nytimes.com/section/technology/personaltech
http://www.nytimes.com/column/trilobites
http://www.nytimes.com/column/out-there
http://www.nytimes.com/column/sciencetake
http://www.nytimes.com/section/science/space
http://www.nytimes.com/column/the-daily
http://www.nytimes.com/by/nicholas-confessore
http://www.nytimes.com/podcasts/the-daily
http://www.nytimes.com/by/sheera-frenkel
http://www.nytimes.com/logout
http://www.nytimes.com/es/preguntas-frecuentes/
http://www.nytimes.com/newsletters
http://www.nytimes.com/es/terminos-y-condiciones-del-servicio/
http://www.nytimes.com/es/category/opinion/
http://www.nytimes.com/es/category/cultura/
http://www.nytimes.com/es/category/america-latina/
http://www.nytimes.com/newsletters/sample/boletin
http://www.nytimes.com/es/category/reposado/
http://www.nytimes.com/help/index.html
http://www.nytimes.com/es/publicidad/
http://www.nytimes.com/es/politica-de-privacidad/
http://www.nytimes.com/es/category/noticias/
http://www.nytimes.com/es/aviso-de-derechos-de-autor/
http://www.nytimes.com/section/food/drinks
http://www.nytimes.com/reviews/dining
http://www.nytimes.com/series/understanding-the-times
http://www.nytimes.com/series/reader-voices
http://www.nytimes.com/series/times-insider
http://www.nytimes.com/series/bulletin-board
http://www.nytimes.com/section/style/self-care
http://www.nytimes.com/column/up-next
http://www.nytimes.com/column/the-cycle
http://www.nytimes.com/column/the-look
http://www.nytimes.com/column/skin-deep
http://www.nytimes.com/watching/lists/superhero-movies-netflix
http://www.nytimes.com/watching/lists/best-movies-on-amazon-prime
http://www.nytimes.com/watching/lists/best-movies-on-netflix
http://www.nytimes.com/column/scene-city
http://www.nytimes.com/column/modern-love
http://www.nytimes.com/watching/search
http://www.nytimes.com/watching/watchlist
http://www.nytimes.com/by/paul-krugman
http://www.nytimes.com/interactive/world/war-logs.html?_r=0&module=inline
http://www.nytimes.com/pages/world/europe/index.html
http://www.nytimes.com/listings/comedy
http://www.nytimes.com/listings/classical
http://www.nytimes.com/listings/art
http://www.nytimes.com/listings/dance
http://www.nytimes.com/listings/pop
http://www.nytimes.com/listings/kids
http://www.nytimes.com/listings/theater
http://www.nytimes.com/listings/movies
http://www.nytimes.com/by/carlotta-gall
http://www.nytimes.com/by/julian-e-barnes
http://www.nytimes.com/by/bret-stephens
http://www.nytimes.com/by/charlie-savage
http://www.nytimes.com/newsletters/upshot/
http://www.nytimes.com/by/elizabeth-dias
http://www.nytimes.com/column/neediest-cases
http://www.nytimes.com/by/des-shoe
http://www.nytimes.com/column/neediest-cases?module=inline
http://www.nytimes.com/by/john-herrman
http://www.nytimes.com/by/robert-pear
http://www.nytimes.com/section/style/self-care/
http://www.nytimes.com/by/jolie-kerr
http://www.nytimes.com/by/frances-robles
http://www.nytimes.com/by/laura-m-holson
http://www.nytimes.com/by/caitlin-dickerson