http://www.bbc.com/news/entertainment_and_arts
http://www.bbc.com/realitycheck
http://www.bbc.com/earth
http://www.bbc.com/food
http://www.bbc.com/accessibility/
http://www.bbc.com/news/science_and_environment
http://www.bbc.com/news/uk
http://www.bbc.com/news/northern_ireland
http://www.bbc.com/news/world/europe
http://www.bbc.com/news/world/australia
http://www.bbc.com/news/world
http://www.bbc.com/news/business
http://www.bbc.com/future
http://www.bbc.com/sport/rugby-union
http://www.bbc.com/news/newsbeat
http://www.bbc.com/news/stories
http://www.bbc.com/news/world/asia/india
http://www.bbc.com/news/world/latin_america
http://www.bbc.com/news/world/us_and_canada
http://www.bbc.com/news/world/middle_east
http://www.bbc.com/news/special_reports
http://www.bbc.com/news/have_your_say
http://www.bbc.com/news/health
http://www.bbc.com/news/wales
http://www.bbc.com/news/world_radio_and_tv
http://www.bbc.com/news/politics
http://www.bbc.com/news/england
http://www.bbc.com/bitesize
http://www.bbc.com/travel
http://www.bbc.com/news/world/asia
http://www.bbc.com/news/explainers
http://www.bbc.com/news/video_and_audio/headlines
http://www.bbc.com/news/the_reporters
http://www.bbc.com/news/in_pictures
http://www.bbc.com/news/scotland
http://www.bbc.com/culture
http://www.bbc.com/capital
http://www.bbc.com/earth/story/the-making-of-me-and-you
http://www.bbc.com/sport/cricket
http://www.bbc.com/news/world/africa
http://www.bbc.com/sport/football
http://www.bbc.com/news/technology
http://www.bbc.com/sport/northern-ireland/gaelic-games
http://www.bbc.com/iplayer/
http://www.bbc.com/earth/
http://www.bbc.com/contact/
http://www.bbc.com/taster
http://www.bbc.com/sport/cycling
http://www.bbc.com/food/
http://www.bbc.com/culture/
http://www.bbc.com/bbcnewsletter
http://www.bbc.com/sport/american-football
http://www.bbc.com/weather/
http://www.bbc.com/education
http://www.bbc.com/sport/olympics
http://www.bbc.com/tomorrowsworld
http://www.bbc.com/aboutthebbc/
http://www.bbc.com/sport/northern-ireland
http://www.bbc.com/sport/disability-sport
http://www.bbc.com/sport/swimming
http://www.bbc.com/future/
http://www.bbc.com/travel/
http://www.bbc.com/sport/horse-racing
http://www.bbc.com/sport
http://www.bbc.com/sport/winter-olympics
http://www.bbc.com/sport/athletics
http://www.bbc.com/sport/gymnastics
http://www.bbc.com/privacy/
http://www.bbc.com/tv/
http://www.bbc.com/makeitdigital
http://www.bbc.com/sport/snooker
http://www.bbc.com/sport/
http://www.bbc.com/sport/golf
http://www.bbc.com/sport/darts
http://www.bbc.com/local/
http://www.bbc.com/guidance/
http://www.bbc.com/cbbc
http://www.bbc.com/iwonder
http://www.bbc.com/
http://www.bbc.com/arts/
http://www.bbc.com/sport/mixed-martial-arts
http://www.bbc.com/sport/scotland
http://www.bbc.com/sport/england
http://www.bbc.com/sport/africa
http://www.bbc.com/news
http://www.bbc.com/sport/tennis
http://www.bbc.com/cbeebies
http://www.bbc.com/privacy/cookies/about
http://www.bbc.com/sport/basketball
http://www.bbc.com/sport/rugby-league
http://www.bbc.com/sport/boxing
http://www.bbc.com/nature/
http://www.bbc.com/terms/
http://www.bbc.com/music/
http://www.bbc.com/sport/motorsport
http://www.bbc.com/capital/
http://www.bbc.com/sport/commonwealth-games
http://www.bbc.com/sport/wales
http://www.bbc.com/privacy/cookies/international/
http://www.bbc.com/autos/
http://www.bbc.com/sport/all-sports
http://www.bbc.com/sport/winter-sports
http://www.bbc.com/news/world/asia/china
http://www.bbc.com/sport/get-inspired
http://www.bbc.com/news/wales/south_east_wales
http://www.bbc.com/news/wales/south_west_wales
http://www.bbc.com/news/wales/north_west_wales
http://www.bbc.com/news/wales/wales_politics
http://www.bbc.com/news/wales/north_east_wales
http://www.bbc.com/news/wales/mid_wales
http://www.bbc.com/cymrufyw
http://www.bbc.com/news/politics/parliaments
http://www.bbc.com/news/politics/uk_leaves_the_eu
http://www.bbc.com/future/now
http://www.bbc.com/future/machine-minds
http://www.bbc.com/news/northern_ireland/northern_ireland_politics
http://www.bbc.com/capital/generation-project
http://www.bbc.com/capital/bright-sparks
http://www.bbc.com/worldserviceradio
http://www.bbc.com/ws/languages
http://www.bbc.com/news/localnews
http://www.bbc.com/news/england/regions
http://www.bbc.com/schoolreport
http://www.bbc.com/teach/live-lessons/doctor-who-space-light-live-lesson/zkj2382/
http://www.bbc.com/naidheachdan
http://www.bbc.com/news/disability
http://www.bbc.com/news/education
http://www.bbc.com/news/scotland/scotland_politics
http://www.bbc.com/news/scotland/glasgow_and_west
http://www.bbc.com/news/scotland/south_scotland
http://www.bbc.com/news/scotland/tayside_and_central
http://www.bbc.com/news/scotland/highlands_and_islands
http://www.bbc.com/news/scotland/edinburgh_east_and_fife
http://www.bbc.com/news/scotland/north_east_orkney_and_shetland
http://www.bbc.com/news/scotland/scotland_business
http://www.bbc.com/earth/world
http://www.bbc.com/news/england/derbyshire
http://www.bbc.com/future/sections/science-environment
http://www.bbc.com/news/england/tyne_and_wear
http://www.bbc.com/weather
http://www.bbc.com/bbcnewcastle
http://www.bbc.com/news/england/merseyside
http://www.bbc.com/news/england/nottingham
http://www.bbc.com/news/england/leeds_and_west_yorkshire
http://www.bbc.com/news/magazine/
http://www.bbc.com/news/blogs/trending
http://www.bbc.com/news/england/london
http://www.bbc.com/bbclondon
http://www.bbc.com/sport/netball/
http://www.bbc.com/sport/netball
http://www.bbc.com/news/england/somerset
http://www.bbc.com/news/england/suffolk
http://www.bbc.com/newsround/home
http://www.bbc.com/news/england/norfolk
http://www.bbc.com/news/england/berkshire
http://www.bbc.com/news/england/manchester
http://www.bbc.com/food/mussel