http://www.ilpost.it/albertomingardi/
http://www.ilpost.it/francescomarinelli/
http://www.ilpost.it/gianmariatammaro/
http://www.ilpost.it/roma/
http://www.ilpost.it/bits
http://www.ilpost.it/stefanoquintarelli/
http://www.ilpost.it/lorenzoderita/
http://www.ilpost.it/massimocirri/
http://www.ilpost.it/scienza/
http://www.ilpost.it/gipi/
http://www.ilpost.it/giuliabalducci/
http://www.ilpost.it/deboraserracchiani/
http://www.ilpost.it/amedeobalbi/
http://www.ilpost.it/ariannacavallo/
http://www.ilpost.it/maurobevacqua/
http://www.ilpost.it/paolonori/
http://www.ilpost.it/europa/
http://www.ilpost.it/davidallegranti/
http://www.ilpost.it/davidedeluca/
http://www.ilpost.it/flashes/
http://www.ilpost.it/spot/
http://www.ilpost.it/giacomopapi/
http://www.ilpost.it/michelecamerota/
http://www.ilpost.it/filippozuliani/
http://www.ilpost.it/christianraimo/
http://www.ilpost.it/libri/
http://www.ilpost.it/auto/
http://www.ilpost.it/video/
http://www.ilpost.it/stefanopistolini/
http://www.ilpost.it/pippocivati/
http://www.ilpost.it/shout/
http://www.ilpost.it/paolovirzi/
http://www.ilpost.it/moda/
http://www.ilpost.it/renataferri/
http://www.ilpost.it/alexinfascelli/
http://www.ilpost.it/oscarfarinetti/
http://www.ilpost.it/gianlucacostantini/
http://www.ilpost.it/isolavirtuale/
http://www.ilpost.it/mondo/
http://www.ilpost.it/politica/
http://www.ilpost.it/carlopizzati/
http://www.ilpost.it/robertoplaja/
http://www.ilpost.it/cultura/
http://www.ilpost.it/giovannifloris/
http://www.ilpost.it/media/
http://www.ilpost.it/chiaralino/
http://www.ilpost.it/carloblengino/
http://www.ilpost.it/andreafiorello/
http://www.ilpost.it/pierotrellini/
http://www.ilpost.it/tv/
http://www.ilpost.it/giannisinni/
http://www.ilpost.it/robertogagnor/
http://www.ilpost.it/massimomantellini/
http://www.ilpost.it/lucagattuso/
http://www.ilpost.it/antonionicita/
http://www.ilpost.it/?blog_post=cambiare-il-mondo-con-un-fucile-ad-elastici
http://www.ilpost.it/emanuelamarchiafava/
http://www.ilpost.it/riccardoluna/
http://www.ilpost.it/leonardotondelli/
http://www.ilpost.it/arnaldogreco/
http://www.ilpost.it/inedito/
http://www.ilpost.it/francescodisa/
http://www.ilpost.it/riccardoarena/
http://www.ilpost.it/i-blog-del-post/
http://www.ilpost.it/riccardopravettoni/
http://www.ilpost.it/vincenzodaquino/
http://www.ilpost.it/lucamolinari/
http://www.ilpost.it/sport/
http://www.ilpost.it/ludovicobessegato/
http://www.ilpost.it/giacomonanni/
http://www.ilpost.it/giovannirobertini/
http://www.ilpost.it/stefanomaggiolo/
http://www.ilpost.it/tecnologia/
http://www.ilpost.it/saramagro/
http://www.ilpost.it/alessandrateclagerevini/
http://www.ilpost.it/adrianozanni/
http://www.ilpost.it/stefanotartarotti/
http://www.ilpost.it/emanuelesferruzzamoszkowicz/
http://www.ilpost.it/fabrizioravelli/
http://www.ilpost.it/simonecomi/
http://www.ilpost.it/cesarepicco/
http://www.ilpost.it/alessandrogazoia/
http://www.ilpost.it/ludovicalugli/
http://www.ilpost.it/gianlucabriguglia/
http://www.ilpost.it/stefanomenichini/
http://www.ilpost.it/sandronedazieri/
http://www.ilpost.it/stefanovizio/
http://www.ilpost.it/ilariabernardini/
http://www.ilpost.it/internet/
http://www.ilpost.it/enricomariariva/
http://www.ilpost.it/ivancarozzi/
http://www.ilpost.it/lorenzoferrari/
http://www.ilpost.it/francescocataluccio/
http://www.ilpost.it/stefanonazzi/
http://www.ilpost.it/flavioparisi/
http://www.ilpost.it/simonasiri/
http://www.ilpost.it/?blog_post=leone-contro-tutti
http://www.ilpost.it/emilianoponzi/
http://www.ilpost.it/marcosimoni/
http://www.ilpost.it/matteostefanelli/
http://www.ilpost.it/flaviaperina/
http://www.ilpost.it/giovannizagni/
http://www.ilpost.it/category/photogallery/
http://www.ilpost.it/ivanscalfarotto/
http://www.ilpost.it/mariofillioley/
http://www.ilpost.it/?blog_post=franco-basaglia-filosofo
http://www.ilpost.it/andrearomano/
http://www.ilpost.it/filippofacci/
http://www.ilpost.it/consumismi/
http://www.ilpost.it/host/
http://www.ilpost.it/giorgiogianotto/
http://www.ilpost.it/antoniodini/
http://www.ilpost.it/matteobordone/
http://www.ilpost.it/giovannifontana/
http://www.ilpost.it/robertotallarita/
http://www.ilpost.it/antoniopascale/
http://www.ilpost.it/flashes/elton-john-pianoforte
http://www.ilpost.it/makkox/
http://www.ilpost.it/flashes/trailer-dumbo-film-disney
http://www.ilpost.it/italia/
http://www.ilpost.it/giuliasiviero/
http://www.ilpost.it/francescomaggio/
http://www.ilpost.it/fabrizioregarbagnati/
http://www.ilpost.it/andreasalvadore/
http://www.ilpost.it/economia/
http://www.ilpost.it/mauriziocodogno/
http://www.ilpost.it/joanaspolicewoman/
http://www.ilpost.it/wikileaks/
http://www.ilpost.it/enricosola/
http://www.ilpost.it/bits/
http://www.ilpost.it/micheledalai/
http://www.ilpost.it/adrianobacconi/
http://www.ilpost.it/
http://www.ilpost.it/ford-focus
http://www.ilpost.it/bits/page/2
http://www.ilpost.it/tag/celebripost
http://www.ilpost.it/sport/page/3/
http://www.ilpost.it/mondo/page/2
http://www.ilpost.it/sport/page/289/
http://www.ilpost.it/gianlucacostantini/page/3/
http://www.ilpost.it/politica/page/3/
http://www.ilpost.it/scienza/page/102/
http://www.ilpost.it/politica/page/143/
http://www.ilpost.it/scienza/page/3/
http://www.ilpost.it/tag/mondiali-2018
http://www.ilpost.it/roma/page/24/
http://www.ilpost.it/roma/page/3/
http://www.ilpost.it/marcosimoni/page/3/
http://www.ilpost.it/marcosimoni/page/4/
http://www.ilpost.it/isolavirtuale/page/3/
http://www.ilpost.it/isolavirtuale/page/5/
http://www.ilpost.it/carlopizzati/page/3/
http://www.ilpost.it/cultura/page/464/
http://www.ilpost.it/tag/spazio
http://www.ilpost.it/cultura/page/3/
http://www.ilpost.it/giacomonanni/page/6/
http://www.ilpost.it/giacomonanni/page/3/
http://www.ilpost.it/flashes/luigi-di-maio-ping
http://www.ilpost.it/tecnologia/page/74/
http://www.ilpost.it/tecnologia/page/3/
http://www.ilpost.it/mariofillioley/page/4/
http://www.ilpost.it/mariofillioley/page/3/
http://www.ilpost.it/media/page/165/
http://www.ilpost.it/media/page/3/
http://www.ilpost.it/consumismi/page/2
http://www.ilpost.it/blog/
http://www.ilpost.it/maurobevacqua/page/3/
http://www.ilpost.it/europa/page/2
http://www.ilpost.it/photogallery/page/3/
http://www.ilpost.it/photogallery/page/26/
http://www.ilpost.it/photogallery/
http://www.ilpost.it/amedeobalbi/page/3/
http://www.ilpost.it/amedeobalbi/page/5/
http://www.ilpost.it/ivanscalfarotto/page/3/
http://www.ilpost.it/tag/konrad
http://www.ilpost.it/tag/regolamento-dublino/
http://www.ilpost.it/ivanscalfarotto/page/7/
http://www.ilpost.it/paolonori/page/3/
http://www.ilpost.it/paolonori/page/9/
http://www.ilpost.it/adrianozanni/page/78/
http://www.ilpost.it/adrianozanni/page/3/
http://www.ilpost.it/tv/page/62/
http://www.ilpost.it/tv/page/3/
http://www.ilpost.it/filippofacci/page/11/
http://www.ilpost.it/filippofacci/page/3/
http://www.ilpost.it/tag/consumismi
http://www.ilpost.it/tag/black-friday/
http://www.ilpost.it/cit/
http://www.ilpost.it/host/page/3/
http://www.ilpost.it/emanuelesferruzzamoszkowicz/page/4/
http://www.ilpost.it/host/page/5/
http://www.ilpost.it/emanuelesferruzzamoszkowicz/page/3/
http://www.ilpost.it/davidedeluca/page/3/
http://www.ilpost.it/davidedeluca/page/6/
http://www.ilpost.it/carloblengino/page/3/
http://www.ilpost.it/stefanotartarotti/page/11/
http://www.ilpost.it/stefanotartarotti/page/3/
http://www.ilpost.it/italia/page/3/
http://www.ilpost.it/italia/page/247/
http://www.ilpost.it/antoniopascale/page/3/
http://www.ilpost.it/?blog_post=la-lettura-e-gli-audiolibri
http://www.ilpost.it/libri/page/2
http://www.ilpost.it/?blog_post=geishe-assassine-e-divorziate
http://www.ilpost.it/antoniodini/page/3/
http://www.ilpost.it/antoniodini/page/4/
http://www.ilpost.it/auto/page/2
http://www.ilpost.it/massimomantellini/page/3/
http://www.ilpost.it/massimomantellini/page/10/
http://www.ilpost.it/makkox/page/3/
http://www.ilpost.it/makkox/page/36/
http://www.ilpost.it/tag/joypad
http://www.ilpost.it/lucagattuso/page/4/
http://www.ilpost.it/lucagattuso/page/3/
http://www.ilpost.it/video/page/106/
http://www.ilpost.it/video/page/3/
http://www.ilpost.it/tag/weekly-beasts
http://www.ilpost.it/giacomopapi/page/3/
http://www.ilpost.it/giuliasiviero/page/3/
http://www.ilpost.it/leonardotondelli/page/9/
http://www.ilpost.it/gianlucabriguglia/page/3/
http://www.ilpost.it/gianlucabriguglia/page/6/
http://www.ilpost.it/leonardotondelli/page/3/
http://www.ilpost.it/riccardoluna/page/3/
http://www.ilpost.it/privacy/
http://www.ilpost.it/internet/page/94/
http://www.ilpost.it/stefanomenichini/page/27/
http://www.ilpost.it/economia/page/108/
http://www.ilpost.it/internet/page/3/
http://www.ilpost.it/stefanomenichini/page/3/
http://www.ilpost.it/economia/page/3/
http://www.ilpost.it/tag/videozanichelli
http://www.ilpost.it/andreasalvadore/page/3/
http://www.ilpost.it/ivancarozzi/page/3/
http://www.ilpost.it/emanuelamarchiafava/page/3/
http://www.ilpost.it/enricomariariva/page/5/
http://www.ilpost.it/pippocivati/page/9/
http://www.ilpost.it/enricomariariva/page/3/
http://www.ilpost.it/francescodisa/page/5/
http://www.ilpost.it/moda/page/2
http://www.ilpost.it/pippocivati/page/3/
http://www.ilpost.it/francescomaggio/page/3/
http://www.ilpost.it/francescodisa/page/3/
http://www.ilpost.it/francescomaggio/page/4/
http://www.ilpost.it/maurizioblatto/
http://www.ilpost.it/riccardoarena/page/3/
http://www.ilpost.it/micheledalai
http://www.ilpost.it/antoniosofi/
http://www.ilpost.it/francescocataluccio/page/3/
http://www.ilpost.it/mauriziocodogno/page/17/
http://www.ilpost.it/mauriziocodogno/page/3/
http://www.ilpost.it/stefanonazzi/page/7/
http://www.ilpost.it/stefanonazzi/page/3/
http://www.ilpost.it/flavioparisi/page/3/
http://www.ilpost.it/italia/page/248/